
2025-10-14 07:06:09...installerHook: Info: custom/install/install_hooks.php not present, no custom hooks to execute
2025-10-14 07:06:18...Begin System Check Process *************
2025-10-14 07:06:19...XML Parsing Support Found
2025-10-14 07:06:19...JSON Parsing Support Found
2025-10-14 07:06:19...MBString Support Found
2025-10-14 07:06:19...ZIP Support Found
2025-10-14 07:06:19.../custom directory and subdirectory check passed
2025-10-14 07:06:19...cache directory and subdirectory check passed
2025-10-14 07:06:23.../module  directory and subdirectory check passed
2025-10-14 07:06:23.../upload directory check passed
2025-10-14 07:06:23.../zip check passed
2025-10-14 07:06:23...PCRE version check passed
2025-10-14 07:06:23...installerHook: Info: custom/install/install_hooks.php not present, no custom hooks to execute
2025-10-14 07:06:23...php.ini location found. G:\XAMPP\php\php.ini
2025-10-14 07:06:23...Outputting HTML for System check
2025-10-14 07:06:23...No Errors were found *************
2025-10-14 07:06:24...installerHook: Info: custom/install/install_hooks.php not present, no custom hooks to execute
2025-10-14 07:06:51...installerHook: Info: custom/install/install_hooks.php not present, no custom hooks to execute
2025-10-14 07:07:23...Begin DB Check Process *************
2025-10-14 07:07:23...testing with mysql:mysqli
2025-10-14 07:07:23...Basic form info is valid, continuing Process.
2025-10-14 07:07:23...Testing user account...
2025-10-14 07:07:23...Connection made using  host: localhost, usr: xeno
2025-10-14 07:07:23...SUCCESS:: no errors detected!
2025-10-14 07:07:23...End DB Check Process *************
2025-10-14 07:07:25...installerHook: Info: custom/install/install_hooks.php not present, no custom hooks to execute
2025-10-14 07:07:25...calling handleSugarConfig()
2025-10-14 07:07:25...calling handleHtaccess()
2025-10-14 07:07:25...calling handleDbCreateDatabase()
2025-10-14 07:07:51...looping through all the Beans and create their tables
2025-10-14 07:07:51...processing table acl_actions
2025-10-14 07:07:52...creating table acl_actions
2025-10-14 07:07:52...creating Relationship Meta for ACLAction
2025-10-14 07:07:52...processing table acl_roles
2025-10-14 07:07:53...creating table acl_roles
2025-10-14 07:07:53...creating Relationship Meta for ACLRole
2025-10-14 07:07:54...processing table relationships
2025-10-14 07:07:54...creating table relationships
2025-10-14 07:07:54...creating Relationship Meta for Relationship
2025-10-14 07:07:56...processing table leads
2025-10-14 07:08:21...creating table leads
2025-10-14 07:08:21...creating Relationship Meta for Lead
2025-10-14 07:08:25...processing table cases
2025-10-14 07:08:29...creating table cases
2025-10-14 07:08:29...creating Relationship Meta for Case
2025-10-14 07:08:32...processing table bugs
2025-10-14 07:08:37...creating table bugs
2025-10-14 07:08:37...creating Relationship Meta for Bug
2025-10-14 07:08:39...processing table users
2025-10-14 07:08:43...creating table users
2025-10-14 07:08:44...creating Relationship Meta for User
2025-10-14 07:08:45...processing table campaign_log
2025-10-14 07:08:47...creating table campaign_log
2025-10-14 07:08:47...creating Relationship Meta for CampaignLog
2025-10-14 07:08:48...processing table project
2025-10-14 07:08:51...creating table project
2025-10-14 07:08:51...creating Relationship Meta for Project
2025-10-14 07:08:53...processing table project_task
2025-10-14 07:08:58...creating table project_task
2025-10-14 07:08:58...creating Relationship Meta for ProjectTask
2025-10-14 07:09:01...processing table campaigns
2025-10-14 07:09:05...creating table campaigns
2025-10-14 07:09:05...creating Relationship Meta for Campaign
2025-10-14 07:09:09...processing table prospect_lists
2025-10-14 07:09:12...creating table prospect_lists
2025-10-14 07:09:12...creating Relationship Meta for ProspectList
2025-10-14 07:09:13...processing table prospects
2025-10-14 07:09:17...creating table prospects
2025-10-14 07:09:17...creating Relationship Meta for Prospect
2025-10-14 07:09:19...processing table email_marketing
2025-10-14 07:09:23...creating table email_marketing
2025-10-14 07:09:23...creating Relationship Meta for EmailMarketing
2025-10-14 07:09:24...processing table campaign_trkrs
2025-10-14 07:09:25...creating table campaign_trkrs
2025-10-14 07:09:25...creating Relationship Meta for CampaignTracker
2025-10-14 07:09:26...processing table releases
2025-10-14 07:09:27...creating table releases
2025-10-14 07:09:27...creating Relationship Meta for Release
2025-10-14 07:09:27...processing table emailman
2025-10-14 07:09:28...creating table emailman
2025-10-14 07:09:28...creating Relationship Meta for EmailMan
2025-10-14 07:09:29...processing table schedulers
2025-10-14 07:09:30...creating table schedulers
2025-10-14 07:09:30...creating Relationship Meta for Scheduler
2025-10-14 07:09:31...processing table job_queue
2025-10-14 07:09:33...creating table job_queue
2025-10-14 07:09:33...creating Relationship Meta for SchedulersJob
2025-10-14 07:09:34...processing table contacts
2025-10-14 07:09:39...creating table contacts
2025-10-14 07:09:39...creating Relationship Meta for Contact
2025-10-14 07:09:44...processing table accounts
2025-10-14 07:09:49...creating table accounts
2025-10-14 07:09:49...creating Relationship Meta for Account
2025-10-14 07:09:52...processing table opportunities
2025-10-14 07:09:57...creating table opportunities
2025-10-14 07:09:57...creating Relationship Meta for Opportunity
2025-10-14 07:10:01...processing table email_templates
2025-10-14 07:10:03...creating table email_templates
2025-10-14 07:10:03...creating Relationship Meta for EmailTemplate
2025-10-14 07:10:04...processing table notes
2025-10-14 07:10:07...creating table notes
2025-10-14 07:10:07...creating Relationship Meta for Note
2025-10-14 07:10:09...processing table calls
2025-10-14 07:10:12...creating table calls
2025-10-14 07:10:12...creating Relationship Meta for Call
2025-10-14 07:10:14...processing table emails
2025-10-14 07:10:18...creating table emails
2025-10-14 07:10:18...creating Relationship Meta for Email
2025-10-14 07:10:21...processing table meetings
2025-10-14 07:10:26...creating table meetings
2025-10-14 07:10:26...creating Relationship Meta for Meeting
2025-10-14 07:10:27...processing table tasks
2025-10-14 07:10:30...creating table tasks
2025-10-14 07:10:30...creating Relationship Meta for Task
2025-10-14 07:10:32...processing table users
2025-10-14 07:10:32...processing table users
2025-10-14 07:10:32...processing table currencies
2025-10-14 07:10:34...creating table currencies
2025-10-14 07:10:34...creating Relationship Meta for Currency
2025-10-14 07:10:34...processing table tracker
2025-10-14 07:10:35...creating table tracker
2025-10-14 07:10:35...creating Relationship Meta for Tracker
2025-10-14 07:10:35...processing table import_maps
2025-10-14 07:10:37...creating table import_maps
2025-10-14 07:10:37...creating Relationship Meta for ImportMap
2025-10-14 07:10:37...processing table users_last_import
2025-10-14 07:10:38...creating table users_last_import
2025-10-14 07:10:38...creating Relationship Meta for UsersLastImport
2025-10-14 07:10:38...processing table config
2025-10-14 07:10:39...creating table config
2025-10-14 07:10:39...creating Relationship Meta for Administration
2025-10-14 07:10:39...processing table upgrade_history
2025-10-14 07:10:40...creating table upgrade_history
2025-10-14 07:10:40...creating Relationship Meta for UpgradeHistory
2025-10-14 07:10:40...processing table vcals
2025-10-14 07:10:42...creating table vcals
2025-10-14 07:10:42...creating Relationship Meta for vCal
2025-10-14 07:10:42...processing table alerts
2025-10-14 07:10:46...creating table alerts
2025-10-14 07:10:46...creating Relationship Meta for Alert
2025-10-14 07:10:47...processing table roles
2025-10-14 07:10:48...creating table roles
2025-10-14 07:10:48...creating Relationship Meta for Role
2025-10-14 07:10:49...processing table documents
2025-10-14 07:10:52...creating table documents
2025-10-14 07:10:52...creating Relationship Meta for Document
2025-10-14 07:10:53...processing table document_revisions
2025-10-14 07:10:55...creating table document_revisions
2025-10-14 07:10:55...creating Relationship Meta for DocumentRevision
2025-10-14 07:10:55...processing table fields_meta_data
2025-10-14 07:10:56...creating table fields_meta_data
2025-10-14 07:10:56...creating Relationship Meta for FieldsMetaData
2025-10-14 07:10:56...processing table 
2025-10-14 07:11:02...processing table inbound_email
2025-10-14 07:11:05...creating table inbound_email
2025-10-14 07:11:05...creating Relationship Meta for InboundEmail
2025-10-14 07:11:07...processing table saved_search
2025-10-14 07:11:08...creating table saved_search
2025-10-14 07:11:08...creating Relationship Meta for SavedSearch
2025-10-14 07:11:08...processing table user_preferences
2025-10-14 07:11:09...creating table user_preferences
2025-10-14 07:11:09...creating Relationship Meta for UserPreference
2025-10-14 07:11:09...processing table 
2025-10-14 07:11:10...processing table email_addresses
2025-10-14 07:11:11...creating table email_addresses
2025-10-14 07:11:11...creating Relationship Meta for EmailAddress
2025-10-14 07:11:12...processing table emails_text
2025-10-14 07:11:12...creating table emails_text
2025-10-14 07:11:12...creating Relationship Meta for EmailText
2025-10-14 07:11:13...processing table spots
2025-10-14 07:11:17...creating table spots
2025-10-14 07:11:17...creating Relationship Meta for Spots
2025-10-14 07:11:18...processing table aobh_businesshours
2025-10-14 07:11:19...creating table aobh_businesshours
2025-10-14 07:11:19...creating Relationship Meta for AOBH_BusinessHours
2025-10-14 07:11:20...processing table sugarfeed
2025-10-14 07:11:21...creating table sugarfeed
2025-10-14 07:11:21...creating Relationship Meta for SugarFeed
2025-10-14 07:11:22...processing table eapm
2025-10-14 07:11:25...creating table eapm
2025-10-14 07:11:26...creating Relationship Meta for EAPM
2025-10-14 07:11:27...processing table oauth_consumer
2025-10-14 07:11:28...creating table oauth_consumer
2025-10-14 07:11:28...creating Relationship Meta for OAuthKey
2025-10-14 07:11:29...processing table oauth_tokens
2025-10-14 07:11:31...creating table oauth_tokens
2025-10-14 07:11:31...creating Relationship Meta for OAuthToken
2025-10-14 07:11:32...processing table am_projecttemplates
2025-10-14 07:11:36...creating table am_projecttemplates
2025-10-14 07:11:36...creating Relationship Meta for AM_ProjectTemplates
2025-10-14 07:11:38...processing table am_tasktemplates
2025-10-14 07:11:42...creating table am_tasktemplates
2025-10-14 07:11:42...creating Relationship Meta for AM_TaskTemplates
2025-10-14 07:11:43...processing table favorites
2025-10-14 07:11:44...creating table favorites
2025-10-14 07:11:44...creating Relationship Meta for Favorites
2025-10-14 07:11:46...processing table aok_knowledge_base_categories
2025-10-14 07:11:51...creating table aok_knowledge_base_categories
2025-10-14 07:11:51...creating Relationship Meta for AOK_Knowledge_Base_Categories
2025-10-14 07:11:52...processing table aok_knowledgebase
2025-10-14 07:11:57...creating table aok_knowledgebase
2025-10-14 07:11:57...creating Relationship Meta for AOK_KnowledgeBase
2025-10-14 07:11:58...processing table reminders
2025-10-14 07:12:00...creating table reminders
2025-10-14 07:12:00...creating Relationship Meta for Reminder
2025-10-14 07:12:01...processing table reminders_invitees
2025-10-14 07:12:03...creating table reminders_invitees
2025-10-14 07:12:03...creating Relationship Meta for Reminder_Invitee
2025-10-14 07:12:03...processing table fp_events
2025-10-14 07:12:08...creating table fp_events
2025-10-14 07:12:08...creating Relationship Meta for FP_events
2025-10-14 07:12:09...processing table fp_event_locations
2025-10-14 07:12:13...creating table fp_event_locations
2025-10-14 07:12:13...creating Relationship Meta for FP_Event_Locations
2025-10-14 07:12:15...processing table aod_indexevent
2025-10-14 07:12:21...creating table aod_indexevent
2025-10-14 07:12:21...creating Relationship Meta for AOD_IndexEvent
2025-10-14 07:12:23...processing table aod_index
2025-10-14 07:12:27...creating table aod_index
2025-10-14 07:12:27...creating Relationship Meta for AOD_Index
2025-10-14 07:12:28...processing table aop_case_events
2025-10-14 07:12:32...creating table aop_case_events
2025-10-14 07:12:32...creating Relationship Meta for AOP_Case_Events
2025-10-14 07:12:33...processing table aop_case_updates
2025-10-14 07:12:38...creating table aop_case_updates
2025-10-14 07:12:38...creating Relationship Meta for AOP_Case_Updates
2025-10-14 07:12:39...processing table aor_reports
2025-10-14 07:12:43...creating table aor_reports
2025-10-14 07:12:43...creating Relationship Meta for AOR_Report
2025-10-14 07:12:45...processing table aor_fields
2025-10-14 07:12:46...creating table aor_fields
2025-10-14 07:12:46...creating Relationship Meta for AOR_Field
2025-10-14 07:12:47...processing table aor_charts
2025-10-14 07:12:48...creating table aor_charts
2025-10-14 07:12:48...creating Relationship Meta for AOR_Chart
2025-10-14 07:12:49...processing table aor_conditions
2025-10-14 07:12:50...creating table aor_conditions
2025-10-14 07:12:50...creating Relationship Meta for AOR_Condition
2025-10-14 07:12:51...processing table aor_scheduled_reports
2025-10-14 07:12:54...creating table aor_scheduled_reports
2025-10-14 07:12:54...creating Relationship Meta for AOR_Scheduled_Reports
2025-10-14 07:12:55...processing table aos_contracts
2025-10-14 07:12:59...creating table aos_contracts
2025-10-14 07:12:59...creating Relationship Meta for AOS_Contracts
2025-10-14 07:13:01...processing table aos_invoices
2025-10-14 07:13:05...creating table aos_invoices
2025-10-14 07:13:05...creating Relationship Meta for AOS_Invoices
2025-10-14 07:13:06...processing table aos_pdf_templates
2025-10-14 07:13:10...creating table aos_pdf_templates
2025-10-14 07:13:10...creating Relationship Meta for AOS_PDF_Templates
2025-10-14 07:13:11...processing table aos_product_categories
2025-10-14 07:13:15...creating table aos_product_categories
2025-10-14 07:13:15...creating Relationship Meta for AOS_Product_Categories
2025-10-14 07:13:16...processing table aos_products
2025-10-14 07:13:21...creating table aos_products
2025-10-14 07:13:21...creating Relationship Meta for AOS_Products
2025-10-14 07:13:23...processing table aos_products_quotes
2025-10-14 07:13:25...creating table aos_products_quotes
2025-10-14 07:13:25...creating Relationship Meta for AOS_Products_Quotes
2025-10-14 07:13:26...processing table aos_line_item_groups
2025-10-14 07:13:28...creating table aos_line_item_groups
2025-10-14 07:13:28...creating Relationship Meta for AOS_Line_Item_Groups
2025-10-14 07:13:29...processing table aos_quotes
2025-10-14 07:13:34...creating table aos_quotes
2025-10-14 07:13:34...creating Relationship Meta for AOS_Quotes
2025-10-14 07:13:36...processing table aow_actions
2025-10-14 07:13:37...creating table aow_actions
2025-10-14 07:13:37...creating Relationship Meta for AOW_Action
2025-10-14 07:13:38...processing table aow_workflow
2025-10-14 07:13:42...creating table aow_workflow
2025-10-14 07:13:42...creating Relationship Meta for AOW_WorkFlow
2025-10-14 07:13:44...processing table aow_processed
2025-10-14 07:13:48...creating table aow_processed
2025-10-14 07:13:48...creating Relationship Meta for AOW_Processed
2025-10-14 07:13:49...processing table aow_conditions
2025-10-14 07:13:51...creating table aow_conditions
2025-10-14 07:13:51...creating Relationship Meta for AOW_Condition
2025-10-14 07:13:52...processing table jjwg_maps
2025-10-14 07:13:57...creating table jjwg_maps
2025-10-14 07:13:57...creating Relationship Meta for jjwg_Maps
2025-10-14 07:14:00...processing table jjwg_markers
2025-10-14 07:14:06...creating table jjwg_markers
2025-10-14 07:14:06...creating Relationship Meta for jjwg_Markers
2025-10-14 07:14:07...processing table jjwg_areas
2025-10-14 07:14:13...creating table jjwg_areas
2025-10-14 07:14:13...creating Relationship Meta for jjwg_Areas
2025-10-14 07:14:14...processing table jjwg_address_cache
2025-10-14 07:14:21...creating table jjwg_address_cache
2025-10-14 07:14:21...creating Relationship Meta for jjwg_Address_Cache
2025-10-14 07:14:22...processing table calls_reschedule
2025-10-14 07:14:27...creating table calls_reschedule
2025-10-14 07:14:27...creating Relationship Meta for Calls_Reschedule
2025-10-14 07:14:29...processing table securitygroups
2025-10-14 07:14:32...creating table securitygroups
2025-10-14 07:14:32...creating Relationship Meta for SecurityGroup
2025-10-14 07:14:34...processing table outbound_email
2025-10-14 07:14:38...creating table outbound_email
2025-10-14 07:14:38...creating Relationship Meta for OutboundEmailAccounts
2025-10-14 07:14:40...processing table external_oauth_connections
2025-10-14 07:14:44...creating table external_oauth_connections
2025-10-14 07:14:44...creating Relationship Meta for ExternalOAuthConnection
2025-10-14 07:14:46...processing table external_oauth_providers
2025-10-14 07:14:49...creating table external_oauth_providers
2025-10-14 07:14:49...creating Relationship Meta for ExternalOAuthProvider
2025-10-14 07:14:50...processing table templatesectionline
2025-10-14 07:14:53...creating table templatesectionline
2025-10-14 07:14:53...creating Relationship Meta for TemplateSectionLine
2025-10-14 07:14:54...processing table oauth2tokens
2025-10-14 07:14:55...creating table oauth2tokens
2025-10-14 07:14:55...creating Relationship Meta for OAuth2Tokens
2025-10-14 07:14:56...processing table oauth2clients
2025-10-14 07:14:57...creating table oauth2clients
2025-10-14 07:14:57...creating Relationship Meta for OAuth2Clients
2025-10-14 07:14:59...processing table surveyresponses
2025-10-14 07:15:03...creating table surveyresponses
2025-10-14 07:15:03...creating Relationship Meta for SurveyResponses
2025-10-14 07:15:05...processing table surveys
2025-10-14 07:15:10...creating table surveys
2025-10-14 07:15:10...creating Relationship Meta for Surveys
2025-10-14 07:15:12...processing table surveyquestionresponses
2025-10-14 07:15:16...creating table surveyquestionresponses
2025-10-14 07:15:16...creating Relationship Meta for SurveyQuestionResponses
2025-10-14 07:15:17...processing table surveyquestions
2025-10-14 07:15:21...creating table surveyquestions
2025-10-14 07:15:21...creating Relationship Meta for SurveyQuestions
2025-10-14 07:15:22...processing table surveyquestionoptions
2025-10-14 07:15:27...creating table surveyquestionoptions
2025-10-14 07:15:27...creating Relationship Meta for SurveyQuestionOptions
2025-10-14 07:17:29...Begin creating Defaults
2025-10-14 07:17:29...insert defaults into config table
2025-10-14 07:17:32...Creating default users
2025-10-14 07:17:35...Creating default scheduler jobs
2025-10-14 07:17:40...Enable SugarFeeds
2025-10-14 07:17:43...Installation has completed *********
2025-10-14 07:20:23...populating the db with seed data
2025-10-14 07:20:23...Save configuration settings..
2025-10-14 07:20:23...save locale
2025-10-14 07:20:23...new Administration
2025-10-14 07:20:23...retrieveSettings
2025-10-14 07:20:23...AdminWizard OFF
2025-10-14 07:20:23...saveConfig
2025-10-14 07:20:24...new Configurator
2025-10-14 07:20:24...populateFromPost
2025-10-14 07:20:24...handleOverride
2025-10-14 07:20:24...addCronAllowedUser
2025-10-14 07:20:25...saveConfig
2025-10-14 07:20:25...new Currency
2025-10-14 07:20:25...retrieve
2025-10-14 07:20:25...DBG: save currency
2025-10-14 07:20:25...Save user settings..
2025-10-14 07:20:27...DBG: SugarThemeRegistry::getDefault
2025-10-14 07:20:39...installerHook: Info: custom/install/install_hooks.php not present, no custom hooks to execute